=== R2: seek (three targets, white-noise source -- see comment in r2_seek_source.sh for why not a pure tone) ===
Setting pipeline to PAUSED ...
Pipeline is PREROLLING ...
/GstPipeline:pipeline0/GstAudioTestSrc:audiotestsrc0.GstPad:src: caps = audio/x-raw, rate=(int)48000, format=(string)S16LE, channels=(int)1, layout=(string)interleaved
/GstPipeline:pipeline0/GstAudioConvert:audioconvert0.GstPad:src: caps = audio/x-raw, rate=(int)48000, format=(string)S16LE, channels=(int)1, layout=(string)interleaved
/GstPipeline:pipeline0/GstCapsFilter:capsfilter0.GstPad:src: caps = audio/x-raw, rate=(int)48000, format=(string)S16LE, channels=(int)1, layout=(string)interleaved
/GstPipeline:pipeline0/GstWavEnc:wavenc0.GstPad:sink: caps = audio/x-raw, rate=(int)48000, format=(string)S16LE, channels=(int)1, layout=(string)interleaved
/GstPipeline:pipeline0/GstCapsFilter:capsfilter0.GstPad:sink: caps = audio/x-raw, rate=(int)48000, format=(string)S16LE, channels=(int)1, layout=(string)interleaved
/GstPipeline:pipeline0/GstAudioConvert:audioconvert0.GstPad:sink: caps = audio/x-raw, rate=(int)48000, format=(string)S16LE, channels=(int)1, layout=(string)interleaved
/GstPipeline:pipeline0/GstWavEnc:wavenc0.GstPad:src: caps = audio/x-wav
/GstPipeline:pipeline0/GstFileSink:filesink0.GstPad:sink: caps = audio/x-wav
Pipeline is PREROLLED ...
Setting pipeline to PLAYING ...
Redistribute latency...
New clock: GstSystemClock
Got EOS from element "pipeline0".
EOS received - stopping pipeline...
Execution ended after 0:00:00.001172916
Setting pipeline to NULL ...
Freeing pipeline ...
seek_simple to 0.5s returned True
seek_simple to 1.0s returned True
seek_simple to 2.0s returned True
