=== R3: LTC generation -- timecode wrap ===
ltcgen: start=23:59:58:00 end=00:00:02:00 frames=100
wrap boundary expected at sample: 96000
Setting pipeline to PAUSED ...
Pipeline is PREROLLING ...
/GstPipeline:pipeline0/GstRawAudioParse:rawaudioparse0.GstPad:src: caps = audio/x-raw, format=(string)U8, layout=(string)interleaved, rate=(int)48000, channels=(int)1
/GstPipeline:pipeline0/GstAudioConvert:audioconvert0.GstPad:src: caps = audio/x-raw, rate=(int)48000, format=(string)S16LE, channels=(int)1, layout=(string)interleaved
/GstPipeline:pipeline0/GstCapsFilter:capsfilter0.GstPad:src: caps = audio/x-raw, rate=(int)48000, format=(string)S16LE, channels=(int)1, layout=(string)interleaved
/GstPipeline:pipeline0/GstWavEnc:wavenc0.GstPad:sink: caps = audio/x-raw, rate=(int)48000, format=(string)S16LE, channels=(int)1, layout=(string)interleaved
/GstPipeline:pipeline0/GstCapsFilter:capsfilter0.GstPad:sink: caps = audio/x-raw, rate=(int)48000, format=(string)S16LE, channels=(int)1, layout=(string)interleaved
/GstPipeline:pipeline0/GstAudioConvert:audioconvert0.GstPad:sink: caps = audio/x-raw, format=(string)U8, layout=(string)interleaved, rate=(int)48000, channels=(int)1
/GstPipeline:pipeline0/GstWavEnc:wavenc0.GstPad:src: caps = audio/x-wav
/GstPipeline:pipeline0/GstFileSink:filesink0.GstPad:sink: caps = audio/x-wav
Pipeline is PREROLLED ...
Setting pipeline to PLAYING ...
Redistribute latency...
New clock: GstSystemClock
Got EOS from element "pipeline0".
EOS received - stopping pipeline...
Execution ended after 0:00:00.001808958
Setting pipeline to NULL ...
Freeing pipeline ...
=== R3: LTC generation -- timecode wrap ===
ltcgen: start=23:59:58:00 end=00:00:02:00 frames=100
wrap boundary expected at sample: 96000
Setting pipeline to PAUSED ...
Pipeline is PREROLLING ...
/GstPipeline:pipeline0/GstRawAudioParse:rawaudioparse0.GstPad:src: caps = audio/x-raw, format=(string)U8, layout=(string)interleaved, rate=(int)48000, channels=(int)1
/GstPipeline:pipeline0/GstAudioConvert:audioconvert0.GstPad:src: caps = audio/x-raw, rate=(int)48000, format=(string)S16LE, channels=(int)1, layout=(string)interleaved
/GstPipeline:pipeline0/GstCapsFilter:capsfilter0.GstPad:src: caps = audio/x-raw, rate=(int)48000, format=(string)S16LE, channels=(int)1, layout=(string)interleaved
/GstPipeline:pipeline0/GstWavEnc:wavenc0.GstPad:sink: caps = audio/x-raw, rate=(int)48000, format=(string)S16LE, channels=(int)1, layout=(string)interleaved
/GstPipeline:pipeline0/GstCapsFilter:capsfilter0.GstPad:sink: caps = audio/x-raw, rate=(int)48000, format=(string)S16LE, channels=(int)1, layout=(string)interleaved
/GstPipeline:pipeline0/GstAudioConvert:audioconvert0.GstPad:sink: caps = audio/x-raw, format=(string)U8, layout=(string)interleaved, rate=(int)48000, channels=(int)1
/GstPipeline:pipeline0/GstWavEnc:wavenc0.GstPad:src: caps = audio/x-wav
/GstPipeline:pipeline0/GstFileSink:filesink0.GstPad:sink: caps = audio/x-wav
Pipeline is PREROLLED ...
Setting pipeline to PLAYING ...
Redistribute latency...
New clock: GstSystemClock
Got EOS from element "pipeline0".
EOS received - stopping pipeline...
Execution ended after 0:00:00.001254625
Setting pipeline to NULL ...
Freeing pipeline ...
=== R3: LTC generation -- timecode wrap ===
ltcgen: start=23:59:58:00 end=00:00:02:00 frames=100
wrap boundary expected at sample: 96000
Setting pipeline to PAUSED ...
Pipeline is PREROLLING ...
/GstPipeline:pipeline0/GstRawAudioParse:rawaudioparse0.GstPad:src: caps = audio/x-raw, format=(string)U8, layout=(string)interleaved, rate=(int)48000, channels=(int)1
/GstPipeline:pipeline0/GstAudioConvert:audioconvert0.GstPad:src: caps = audio/x-raw, rate=(int)48000, format=(string)S16LE, channels=(int)1, layout=(string)interleaved
/GstPipeline:pipeline0/GstCapsFilter:capsfilter0.GstPad:src: caps = audio/x-raw, rate=(int)48000, format=(string)S16LE, channels=(int)1, layout=(string)interleaved
/GstPipeline:pipeline0/GstWavEnc:wavenc0.GstPad:sink: caps = audio/x-raw, rate=(int)48000, format=(string)S16LE, channels=(int)1, layout=(string)interleaved
/GstPipeline:pipeline0/GstCapsFilter:capsfilter0.GstPad:sink: caps = audio/x-raw, rate=(int)48000, format=(string)S16LE, channels=(int)1, layout=(string)interleaved
/GstPipeline:pipeline0/GstAudioConvert:audioconvert0.GstPad:sink: caps = audio/x-raw, format=(string)U8, layout=(string)interleaved, rate=(int)48000, channels=(int)1
/GstPipeline:pipeline0/GstWavEnc:wavenc0.GstPad:src: caps = audio/x-wav
/GstPipeline:pipeline0/GstFileSink:filesink0.GstPad:sink: caps = audio/x-wav
Pipeline is PREROLLED ...
Setting pipeline to PLAYING ...
Redistribute latency...
New clock: GstSystemClock
Got EOS from element "pipeline0".
EOS received - stopping pipeline...
Execution ended after 0:00:00.001249792
Setting pipeline to NULL ...
Freeing pipeline ...
=== R3: LTC generation -- timecode wrap ===
ltcgen: start=23:59:58:00 end=00:00:02:00 frames=100
wrap boundary expected at sample: 96000
Setting pipeline to PAUSED ...
Pipeline is PREROLLING ...
/GstPipeline:pipeline0/GstRawAudioParse:rawaudioparse0.GstPad:src: caps = audio/x-raw, format=(string)U8, layout=(string)interleaved, rate=(int)48000, channels=(int)1
/GstPipeline:pipeline0/GstAudioConvert:audioconvert0.GstPad:src: caps = audio/x-raw, rate=(int)48000, format=(string)S16LE, channels=(int)1, layout=(string)interleaved
/GstPipeline:pipeline0/GstCapsFilter:capsfilter0.GstPad:src: caps = audio/x-raw, rate=(int)48000, format=(string)S16LE, channels=(int)1, layout=(string)interleaved
/GstPipeline:pipeline0/GstWavEnc:wavenc0.GstPad:sink: caps = audio/x-raw, rate=(int)48000, format=(string)S16LE, channels=(int)1, layout=(string)interleaved
/GstPipeline:pipeline0/GstCapsFilter:capsfilter0.GstPad:sink: caps = audio/x-raw, rate=(int)48000, format=(string)S16LE, channels=(int)1, layout=(string)interleaved
/GstPipeline:pipeline0/GstAudioConvert:audioconvert0.GstPad:sink: caps = audio/x-raw, format=(string)U8, layout=(string)interleaved, rate=(int)48000, channels=(int)1
/GstPipeline:pipeline0/GstWavEnc:wavenc0.GstPad:src: caps = audio/x-wav
/GstPipeline:pipeline0/GstFileSink:filesink0.GstPad:sink: caps = audio/x-wav
Pipeline is PREROLLED ...
Setting pipeline to PLAYING ...
Redistribute latency...
New clock: GstSystemClock
Got EOS from element "pipeline0".
EOS received - stopping pipeline...
Execution ended after 0:00:00.001340125
Setting pipeline to NULL ...
Freeing pipeline ...
