=== R4: click-free ducking (ramped vs abrupt) ===
ramp: start=0.6s end=0.8s fade_ms=200.0 duck_level=0.2
Setting pipeline to PAUSED ...
Pipeline is PREROLLING ...
/GstPipeline:pipeline0/GstAudioTestSrc:audiotestsrc0.GstPad:src: caps = audio/x-raw, rate=(int)48000, format=(string)S16LE, channels=(int)1, layout=(string)interleaved
/GstPipeline:pipeline0/GstAudioConvert:audioconvert0.GstPad:src: caps = audio/x-raw, rate=(int)48000, format=(string)S16LE, channels=(int)1, layout=(string)interleaved
/GstPipeline:pipeline0/GstVolume:volume0.GstPad:src: caps = audio/x-raw, rate=(int)48000, format=(string)S16LE, channels=(int)1, layout=(string)interleaved
/GstPipeline:pipeline0/GstAudioConvert:audioconvert1.GstPad:src: caps = audio/x-raw, rate=(int)48000, format=(string)S16LE, channels=(int)1, layout=(string)interleaved
/GstPipeline:pipeline0/GstCapsFilter:capsfilter0.GstPad:src: caps = audio/x-raw, rate=(int)48000, format=(string)S16LE, channels=(int)1, layout=(string)interleaved
/GstPipeline:pipeline0/GstConcat:c.GstPad:src: caps = audio/x-raw, rate=(int)48000, format=(string)S16LE, channels=(int)1, layout=(string)interleaved
/GstPipeline:pipeline0/GstWavEnc:wavenc0.GstPad:sink: caps = audio/x-raw, rate=(int)48000, format=(string)S16LE, channels=(int)1, layout=(string)interleaved
/GstPipeline:pipeline0/GstConcat:c.GstConcatPad:sink_0: caps = audio/x-raw, rate=(int)48000, format=(string)S16LE, channels=(int)1, layout=(string)interleaved
/GstPipeline:pipeline0/GstCapsFilter:capsfilter0.GstPad:sink: caps = audio/x-raw, rate=(int)48000, format=(string)S16LE, channels=(int)1, layout=(string)interleaved
/GstPipeline:pipeline0/GstAudioConvert:audioconvert1.GstPad:sink: caps = audio/x-raw, rate=(int)48000, format=(string)S16LE, channels=(int)1, layout=(string)interleaved
/GstPipeline:pipeline0/GstVolume:volume0.GstPad:sink: caps = audio/x-raw, rate=(int)48000, format=(string)S16LE, channels=(int)1, layout=(string)interleaved
/GstPipeline:pipeline0/GstAudioConvert:audioconvert0.GstPad:sink: caps = audio/x-raw, rate=(int)48000, format=(string)S16LE, channels=(int)1, layout=(string)interleaved
/GstPipeline:pipeline0/GstWavEnc:wavenc0.GstPad:src: caps = audio/x-wav
/GstPipeline:pipeline0/GstFileSink:filesink0.GstPad:sink: caps = audio/x-wav
Pipeline is PREROLLED ...
Setting pipeline to PLAYING ...
Redistribute latency...
New clock: GstSystemClock
/GstPipeline:pipeline0/GstConcat:c: active-pad = "\(GstConcatPad\)\ sink_1"
/GstPipeline:pipeline0/GstAudioTestSrc:audiotestsrc1.GstPad:src: caps = audio/x-raw, rate=(int)48000, format=(string)S16LE, channels=(int)1, layout=(string)interleaved
/GstPipeline:pipeline0/GstAudioConvert:audioconvert2.GstPad:src: caps = audio/x-raw, rate=(int)48000, format=(string)S16LE, channels=(int)1, layout=(string)interleaved
/GstPipeline:pipeline0/GstVolume:volume1.GstPad:src: caps = audio/x-raw, rate=(int)48000, format=(string)S16LE, channels=(int)1, layout=(string)interleaved
/GstPipeline:pipeline0/GstAudioConvert:audioconvert3.GstPad:src: caps = audio/x-raw, rate=(int)48000, format=(string)S16LE, channels=(int)1, layout=(string)interleaved
/GstPipeline:pipeline0/GstCapsFilter:capsfilter1.GstPad:src: caps = audio/x-raw, rate=(int)48000, format=(string)S16LE, channels=(int)1, layout=(string)interleaved
/GstPipeline:pipeline0/GstConcat:c.GstPad:src: caps = audio/x-raw, rate=(int)48000, format=(string)S16LE, channels=(int)1, layout=(string)interleaved
/GstPipeline:pipeline0/GstWavEnc:wavenc0.GstPad:sink: caps = audio/x-raw, rate=(int)48000, format=(string)S16LE, channels=(int)1, layout=(string)interleaved
/GstPipeline:pipeline0/GstConcat:c.GstConcatPad:sink_1: caps = audio/x-raw, rate=(int)48000, format=(string)S16LE, channels=(int)1, layout=(string)interleaved
/GstPipeline:pipeline0/GstCapsFilter:capsfilter1.GstPad:sink: caps = audio/x-raw, rate=(int)48000, format=(string)S16LE, channels=(int)1, layout=(string)interleaved
/GstPipeline:pipeline0/GstAudioConvert:audioconvert3.GstPad:sink: caps = audio/x-raw, rate=(int)48000, format=(string)S16LE, channels=(int)1, layout=(string)interleaved
/GstPipeline:pipeline0/GstVolume:volume1.GstPad:sink: caps = audio/x-raw, rate=(int)48000, format=(string)S16LE, channels=(int)1, layout=(string)interleaved
/GstPipeline:pipeline0/GstAudioConvert:audioconvert2.GstPad:sink: caps = audio/x-raw, rate=(int)48000, format=(string)S16LE, channels=(int)1, layout=(string)interleaved
/GstPipeline:pipeline0/GstConcat:c: active-pad = "NULL"
Got EOS from element "pipeline0".
EOS received - stopping pipeline...
Execution ended after 0:00:00.001834000
Setting pipeline to NULL ...
Freeing pipeline ...
