--- aplay -L (ALSA device list as seen inside the container) ---
null
    Discard all samples (playback) or generate zero samples (capture)
default
--- gst pipeline against the ALSA null device ---
Setting pipeline to PAUSED ...
Pipeline is PREROLLING ...
/GstPipeline:pipeline0/GstAudioTestSrc:audiotestsrc0.GstPad:src: caps = audio/x-raw, rate=(int)44100, format=(string)F64LE, channels=(int)2, layout=(string)interleaved, channel-mask=(bitmask)0x0000000000000003
/GstPipeline:pipeline0/GstAudioConvert:audioconvert0.GstPad:src: caps = audio/x-raw, rate=(int)44100, format=(string)F64LE, channels=(int)2, layout=(string)interleaved, channel-mask=(bitmask)0x0000000000000003
/GstPipeline:pipeline0/GstAudioResample:audioresample0.GstPad:src: caps = audio/x-raw, rate=(int)44100, format=(string)F64LE, channels=(int)2, layout=(string)interleaved, channel-mask=(bitmask)0x0000000000000003
Redistribute latency...
/GstPipeline:pipeline0/GstAlsaSink:alsasink0.GstPad:sink: caps = audio/x-raw, rate=(int)44100, format=(string)F64LE, channels=(int)2, layout=(string)interleaved, channel-mask=(bitmask)0x0000000000000003
/GstPipeline:pipeline0/GstAudioResample:audioresample0.GstPad:sink: caps = audio/x-raw, rate=(int)44100, format=(string)F64LE, channels=(int)2, layout=(string)interleaved, channel-mask=(bitmask)0x0000000000000003
/GstPipeline:pipeline0/GstAudioConvert:audioconvert0.GstPad:sink: caps = audio/x-raw, rate=(int)44100, format=(string)F64LE, channels=(int)2, layout=(string)interleaved, channel-mask=(bitmask)0x0000000000000003
Pipeline is PREROLLED ...
Setting pipeline to PLAYING ...
Redistribute latency...
New clock: GstAudioSinkClock
Got EOS from element "pipeline0".
EOS received - stopping pipeline...
Execution ended after 0:00:00.001607375
Setting pipeline to NULL ...
Freeing pipeline ...
--- pipeline exit code: 0 ---
